main.c:139:1:__io_putchar	16	static
main.c:146:13:Flush_Buffer	16	static
main.c:157:6:delay1	4	static,ignoring_inline_asm
main.c:215:6:delay_AFE_Init	8	static,ignoring_inline_asm
main.c:226:6:delay_AFE_Init1	8	static,ignoring_inline_asm
main.c:236:6:Tx100k	24	static,ignoring_inline_asm
main.c:314:6:Tx500k	24	static,ignoring_inline_asm
main.c:374:6:Tx400k	24	static,ignoring_inline_asm
main.c:461:6:Tx250k	24	static,ignoring_inline_asm
main.c:540:6:Run_TX	16	static
main.c:552:6:Run_Scans	144	static,ignoring_inline_asm
main.c:723:5:main	32	static
main.c:882:6:SystemClock_Config	88	static
main.c:932:13:MX_I2C1_Init	8	static
main.c:978:13:MX_SPI1_Init	8	static
main.c:1015:13:MX_SPI2_Init	8	static
main.c:1052:13:MX_SPI4_Init	8	static
main.c:1089:13:MX_SPI6_Init	8	static
main.c:1126:13:MX_USART1_UART_Init	8	static
main.c:1159:13:MX_USART3_UART_Init	8	static
main.c:1190:13:MX_DMA_Init	16	static
main.c:1217:13:MX_GPIO_Init	64	static
main.c:1368:6:HAL_UART_RxCpltCallback	16	static
main.c:1396:6:HAL_SPI_TxCpltCallback	16	static
main.c:1401:6:HAL_SPI_RxCpltCallback	16	static
main.c:1466:6:Error_Handler	4	static,ignoring_inline_asm
